
There are no discarded input sections

Memory Configuration

Name             Origin             Length             Attributes
FLASH            0x08000000         0x00010000         xr
SRAM             0x20000000         0x00020000         xrw
*default*        0x00000000         0xffffffff

Linker script and memory map

LOAD object/kmath.o
LOAD object/flash.o
LOAD object/kfloat.o
LOAD object/cm4.o
LOAD object/mcu_info.o
LOAD object/kstring.o
LOAD object/kmain.o
LOAD object/stm32_startup.o
LOAD object/sys_clock.o
LOAD object/sys_usart.o
LOAD object/sys_gpio.o
LOAD object/kstdio.o
LOAD object/sys_init.o
LOAD object/unistd.o
LOAD object/times.o
LOAD object/serial_lin.o
LOAD object/UsartRingBuffer.o
LOAD object/debug.o
LOAD object/timer.o
LOAD object/sys_err.o
LOAD object/sys_rtc.o

.text           0x08000000     0x51ec
                0x08000000                        _stext = .
 *(.isr_vector)
 .isr_vector    0x08000000      0x1c4 object/stm32_startup.o
                0x08000000                NVIC_VECTOR
 *(.text)
 .text          0x080001c4       0x4e object/kmath.o
                0x080001c4                __pow
 *fill*         0x08000212        0x2 
 .text          0x08000214      0x2a4 object/flash.o
                0x08000248                flash_read_byte
                0x08000262                flash_read_register
                0x0800027a                flash_unlock
                0x080002c8                flash_lock
                0x0800031c                flash_wait_for_last_operation
                0x08000340                flash_program_byte
                0x08000384                flash_program_4_bytes
                0x080003ec                flash_program
                0x08000438                flash_erase_sector
 .text          0x080004b8      0xed4 object/kfloat.o
                0x080004b8                __aeabi_f2d
                0x0800057e                __aeabi_d2f
                0x08000606                __aeabi_d2iz
                0x08000696                __aeabi_d2i
                0x08000726                get_decimal_part
                0x08000810                __aeabi_ui2d
                0x08000890                __aeabi_d2uiz
                0x08000906                __aeabi_dsub
                0x08000bc6                __aeabi_dmul
                0x08000d78                __aeabi_dadd
                0x08001026                __aeabi_d2ulz
                0x080010a4                __aeabi_ddiv
                0x0800134c                __aeabi_dcmpeq
 .text          0x0800138c      0x348 object/cm4.o
                0x080013f8                __SysTick_init
                0x0800147c                SysTickIntDisable
                0x0800149c                SysTickIntEnable
                0x080014bc                __SysTick_enable
                0x080014e8                __sysTick_disable
                0x08001514                __getSysTickCount
                0x0800152c                __updateSysTick
                0x08001584                __getTime
                0x080015b8                __get__Second
                0x080015d0                __get__Minute
                0x080015e8                __get__Hour
                0x08001600                SysTick_Handler
                0x08001634                __enable_fpu
                0x08001658                ms_delay
                0x08001682                getmsTick
                0x08001690                wait_until
                0x080016c2                SYS_SLEEP_WFI
 .text          0x080016d4      0x1a8 object/mcu_info.o
                0x080016d4                show_system_info
                0x08001780                store_product_id
                0x08001868                get_product_id
 .text          0x0800187c      0x914 object/kstring.o
                0x0800187c                __str_to_num
                0x0800195e                __reverse_str
                0x080019bc                __strlen
                0x080019ea                convert
                0x08001a68                convertu32
                0x08001ac0                float2str
                0x08001b8c                str2float
                0x08001c8e                kmemset
                0x08001cda                StrCat
                0x08001d24                strcopy
                0x08001d5e                clear_str
                0x08001d9c                strncopy
                0x08001dee                strn4mcopy
                0x08001e3c                byte_to_hex
                0x08001eb0                show_byte_hex_str
                0x08001ef0                show_byte_stream_hex
                0x08001f30                strcomp
                0x08001f80                strncopy_cmd
                0x08001fce                uint16_to_str
                0x08002120                strCat_n_to_m
 .text          0x08002190      0x3e4 object/kmain.o
                0x080022b8                new_version_available
                0x080022de                sleep
                0x08002314                ceiling_divide
                0x0800254c                kmain
 .text          0x08002574       0xe8 object/stm32_startup.o
                0x08002574                Reset_Handler
                0x0800262c                FLASH_Handler
                0x0800262c                SPI4_Handler
                0x0800262c                DMA2_Stream7_Handler
                0x0800262c                OTG_HS_Handler
                0x0800262c                OTG_FS_WKUP_Handler
                0x0800262c                DMA2_Stream3_Handler
                0x0800262c                USART3_Handler
                0x0800262c                PendSV_Handler
                0x0800262c                NMI_Handler
                0x0800262c                SAI1_Handler
                0x0800262c                TIM6_DAC_Handler
                0x0800262c                CAN1_RX1_Handler
                0x0800262c                EXTI15_10_Handler
                0x0800262c                ADC_Handler
                0x0800262c                I2C1_EV_Handler
                0x0800262c                TAMP_STAMP_Handler
                0x0800262c                I2C3_ER_Handler
                0x0800262c                WWDG_Handler
                0x0800262c                EXTI4_Handler
                0x0800262c                I2C3_EV_Handler
                0x0800262c                DMA1_Stream1_Handler
                0x0800262c                DMA2_Stream4_Handler
                0x0800262c                DMA1_Stream7_Handler
                0x0800262c                OTG_FS_Handler
                0x0800262c                TIM1_BRK_TIM9_Handler
                0x0800262c                I2C1_ER_Handler
                0x0800262c                DMA1_Stream3_Handler
                0x0800262c                UsageFault_Handler
                0x0800262c                TIM1_UP_TIM10_Handler
                0x0800262c                CAN1_RX0_Handler
                0x0800262c                TIM1_CC_Handler
                0x0800262c                I2C2_ER_Handler
                0x0800262c                TIM8_CC_Handler
                0x0800262c                HDMI_CEC_Handler
                0x0800262c                SAI2_Handler
                0x0800262c                CAN1_SCE_Handler
                0x0800262c                DMA1_Stream0_Handler
                0x0800262c                OTG_HS_EP1_OUT_Handler
                0x0800262c                EXTI1_Handler
                0x0800262c                RTC_WKUP_Handler
                0x0800262c                FMC_Handler
                0x0800262c                EXTI3_Handler
                0x0800262c                EXTI2_Handler
                0x0800262c                UART4_Handler
                0x0800262c                CAN2_RX1_Handler
                0x0800262c                EXTI9_5_Handler
                0x0800262c                USART1_Handler
                0x0800262c                CAN2_SCE_Handler
                0x0800262c                TIM3_Handler
                0x0800262c                DMA2_Stream6_Handler
                0x0800262c                Default_Handler
                0x0800262c                DCMI_Handler
                0x0800262c                TIM1_TRG_COM_TIM11_Handler
                0x0800262c                RTC_Alarm_Handler
                0x0800262c                TIM4_Handler
                0x0800262c                TIM8_UP_TIM13_Handler
                0x0800262c                CAN2_TX_Handler
                0x0800262c                SPI2_Handler
                0x0800262c                DMA2_Stream1_Handler
                0x0800262c                DMA1_Stream2_Handler
                0x0800262c                OTG_HS_WKUP_Handler
                0x0800262c                EXTI0_Handler
                0x0800262c                TIM8_BRK_TIM12_Handler
                0x0800262c                CAN2_RX0_Handler
                0x0800262c                DMA2_Stream5_Handler
                0x0800262c                DMA1_Stream6_Handler
                0x0800262c                SDIO_Handler
                0x0800262c                FMPI2C1_ERR_Handler
                0x0800262c                SPI1_Handler
                0x0800262c                I2C2_EV_Handler
                0x0800262c                SPDIF_Rx_Handler
                0x0800262c                DMA2_Stream2_Handler
                0x0800262c                SPI3_Handler
                0x0800262c                DMA2_Stream0_Handler
                0x0800262c                RCC_Handler
                0x0800262c                PVD_Handler
                0x0800262c                UART5_Handler
                0x0800262c                DMA1_Stream5_Handler
                0x0800262c                TIM5_Handler
                0x0800262c                QuadSPI_Handler
                0x0800262c                TIM7_Handler
                0x0800262c                TIM8_TRG_COM_TIM14_Handler
                0x0800262c                CAN1_TX_Handler
                0x0800262c                FPU_Handler
                0x0800262c                FMPI2C1_Handler
                0x0800262c                DebugMonitor_Handler
                0x0800262c                DMA1_Stream4_Handler
                0x0800262c                OTG_HS_EP1_IN_Handler
                0x08002634                HardFault_Handler
                0x0800263c                MemManage_Handler
                0x08002644                BusFault_Handler
                0x0800264c                SVCall_Handler
 .text          0x0800265c      0x308 object/sys_clock.o
                0x0800265c                __init_sys_clock
                0x08002728                __APB1CLK_FREQ
                0x080027a4                __APB2CLK_FREQ
                0x08002820                __PLL_SYS_CLK
                0x080028b8                __AHB_CLK
 .text          0x08002964      0x584 object/sys_usart.o
                0x08002a14                UART_Init
                0x08002aae                UART_DeInit
                0x08002b1c                UART_BRR_SAMPLING16
                0x08002cb0                UART_MspInit
 .text          0x08002ee8      0x5bc object/sys_gpio.o
                0x08002ee8                GPIO_WritePin
                0x08002f1a                GPIO_Init
                0x08003220                GPIO_DeInit
                0x08003408                SPI_GPIOInit
 .text          0x080034a4      0x3d4 object/kstdio.o
                0x080034a4                kprintf
                0x08003638                putstr
                0x08003684                kscanf
                0x08003834                read_str
 .text          0x08003878      0x140 object/sys_init.o
                0x080038c0                __sys_init
                0x0800397c                SYS_ROUTINE
                0x08003988                display_group_info
 .text          0x080039b8        0x0 object/unistd.o
 .text          0x080039b8        0x0 object/times.o
 .text          0x080039b8      0x1b8 object/serial_lin.o
                0x080039b8                SerialLin2_init
                0x08003a50                SerialLin6_init
                0x08003ae8                USART2_Handler
                0x08003afc                USART6_Handler
                0x08003b10                noIntWrite
                0x08003b40                noIntSendString
 .text          0x08003b70      0xc34 object/UsartRingBuffer.o
                0x08003b70                Ringbuf_init
                0x08003c0a                Look_for
                0x08003caa                GetDataFromBuffer
                0x08003dea                Uart_flush
                0x08003e26                Uart_peek
                0x08003ea0                UART_READ
                0x08003f40                Uart_read
                0x08003f9a                Uart_readstring
                0x08003ffa                Uart_write
                0x080040b0                IsDataAvailable
                0x08004134                Get_after
                0x08004192                Uart_sendstring
                0x080041c0                Uart_printbase
                0x08004258                Copy_upto
                0x08004358                Wait_for
                0x08004444                look_for_frame
                0x080045aa                Uart_isr
                0x080046b8                update_tail
                0x0800471e                debug_buffer
 .text          0x080047a4      0x110 object/debug.o
                0x080047a4                __debugRamUsage
                0x080047f0                __digitalWriteDebugButton
                0x0800484c                __digitalReadDebugButton
                0x0800487c                __alalogReadDebug
                0x08004894                __analogWriteDebug
 .text          0x080048b4      0x228 object/timer.o
                0x080048f0                ConfigTimer2ForSystem
                0x0800496c                Delay_micro_second
                0x08004a00                Delay
                0x08004a2e                getMiliseconds
                0x08004a70                getMicroseconds
                0x08004aa0                TIM2_Handler
 .text          0x08004adc       0x14 object/sys_err.o
                0x08004adc                Error_Handler
 .text          0x08004af0      0x364 object/sys_rtc.o
                0x08004af0                SYS_RTC_init
                0x08004d98                get_timeofDay
 *(.rodata)
 .rodata        0x08004e54       0x98 object/flash.o
 .rodata        0x08004eec       0x64 object/mcu_info.o
 .rodata        0x08004f50        0x6 object/kstring.o
 *fill*         0x08004f56        0x2 
 .rodata        0x08004f58       0xe5 object/kmain.o
 *fill*         0x0800503d        0x3 
 .rodata        0x08005040        0x4 object/stm32_startup.o
                0x08005040                STACK_START
 .rodata        0x08005044       0x18 object/sys_clock.o
                0x08005044                AHBPrescTable
                0x08005054                APBPrescTable
 .rodata        0x0800505c        0x3 object/kstdio.o
 *fill*         0x0800505f        0x1 
 .rodata        0x08005060      0x18a object/sys_init.o
                0x080051ec                        . = ALIGN (0x4)
 *fill*         0x080051ea        0x2 
                0x080051ec                        _etext = .
                0x080051ec                        _la_data = LOADADDR (.data)

.glue_7         0x080051ec        0x0
 .glue_7        0x080051ec        0x0 linker stubs

.glue_7t        0x080051ec        0x0
 .glue_7t       0x080051ec        0x0 linker stubs

.vfp11_veneer   0x080051ec        0x0
 .vfp11_veneer  0x080051ec        0x0 linker stubs

.v4_bx          0x080051ec        0x0
 .v4_bx         0x080051ec        0x0 linker stubs

.iplt           0x080051ec        0x0
 .iplt          0x080051ec        0x0 object/flash.o

.rel.dyn        0x080051ec        0x0
 .rel.iplt      0x080051ec        0x0 object/flash.o

.data           0x20000000       0x6c load address 0x080051ec
                0x20000000                        _sdata = .
 *(.data)
 .data          0x20000000        0x0 object/kmath.o
 .data          0x20000000        0x0 object/flash.o
 .data          0x20000000        0x0 object/kfloat.o
 .data          0x20000000        0x0 object/cm4.o
 .data          0x20000000        0x0 object/mcu_info.o
 .data          0x20000000       0x61 object/kstring.o
 .data          0x20000061        0x0 object/kmain.o
 .data          0x20000061        0x0 object/stm32_startup.o
 .data          0x20000061        0x0 object/sys_clock.o
 .data          0x20000061        0x0 object/sys_usart.o
 .data          0x20000061        0x0 object/sys_gpio.o
 .data          0x20000061        0x0 object/kstdio.o
 .data          0x20000061        0x0 object/sys_init.o
 .data          0x20000061        0x0 object/unistd.o
 .data          0x20000061        0x0 object/times.o
 *fill*         0x20000061        0x3 
 .data          0x20000064        0x8 object/serial_lin.o
                0x20000064                errObj
 .data          0x2000006c        0x0 object/UsartRingBuffer.o
 .data          0x2000006c        0x0 object/debug.o
 .data          0x2000006c        0x0 object/timer.o
 .data          0x2000006c        0x0 object/sys_err.o
 .data          0x2000006c        0x0 object/sys_rtc.o
                0x2000006c                        . = ALIGN (0x4)
                0x2000006c                        _edata = .

.igot.plt       0x2000006c        0x0 load address 0x08005258
 .igot.plt      0x2000006c        0x0 object/flash.o

.bss            0x2000006c      0x905 load address 0x08005258
                0x2000006c                        _sbss = .
 *(.bss)
 .bss           0x2000006c        0x0 object/kmath.o
 .bss           0x2000006c        0x0 object/flash.o
 .bss           0x2000006c        0x0 object/kfloat.o
 .bss           0x2000006c       0x10 object/cm4.o
 .bss           0x2000007c       0x14 object/mcu_info.o
 .bss           0x20000090       0x32 object/kstring.o
 .bss           0x200000c2        0x0 object/kmain.o
 *fill*         0x200000c2        0x2 
 .bss           0x200000c4        0xc object/stm32_startup.o
                0x200000c4                _bss_size
                0x200000c8                _data_size
                0x200000cc                _text_size
 .bss           0x200000d0        0x0 object/sys_clock.o
 .bss           0x200000d0        0x0 object/sys_usart.o
 .bss           0x200000d0        0x0 object/sys_gpio.o
 .bss           0x200000d0        0x0 object/kstdio.o
 .bss           0x200000d0        0x0 object/sys_init.o
 .bss           0x200000d0        0x0 object/unistd.o
 .bss           0x200000d0        0x0 object/times.o
 .bss           0x200000d0      0x890 object/serial_lin.o
                0x200000d0                huart2
                0x20000518                huart6
 .bss           0x20000960        0x0 object/UsartRingBuffer.o
 .bss           0x20000960        0xc object/debug.o
                0x20000964                CURRENT_MSP
                0x20000968                DEBUG_BUTTON
                0x2000096a                DEBUG_ANALOG_IO
 .bss           0x2000096c        0x5 object/timer.o
 .bss           0x20000971        0x0 object/sys_err.o
 .bss           0x20000971        0x0 object/sys_rtc.o
                0x20000971                        _ebss = .
OUTPUT(build/final.elf elf32-littlearm)
LOAD linker stubs

.comment        0x00000000       0x45
 .comment       0x00000000       0x45 object/kmath.o
                                 0x46 (size before relaxing)
 .comment       0x00000045       0x46 object/flash.o
 .comment       0x00000045       0x46 object/kfloat.o
 .comment       0x00000045       0x46 object/cm4.o
 .comment       0x00000045       0x46 object/mcu_info.o
 .comment       0x00000045       0x46 object/kstring.o
 .comment       0x00000045       0x46 object/kmain.o
 .comment       0x00000045       0x46 object/stm32_startup.o
 .comment       0x00000045       0x46 object/sys_clock.o
 .comment       0x00000045       0x46 object/sys_usart.o
 .comment       0x00000045       0x46 object/sys_gpio.o
 .comment       0x00000045       0x46 object/kstdio.o
 .comment       0x00000045       0x46 object/sys_init.o
 .comment       0x00000045       0x46 object/unistd.o
 .comment       0x00000045       0x46 object/times.o
 .comment       0x00000045       0x46 object/serial_lin.o
 .comment       0x00000045       0x46 object/UsartRingBuffer.o
 .comment       0x00000045       0x46 object/debug.o
 .comment       0x00000045       0x46 object/timer.o
 .comment       0x00000045       0x46 object/sys_err.o
 .comment       0x00000045       0x46 object/sys_rtc.o

.ARM.attributes
                0x00000000       0x32
 .ARM.attributes
                0x00000000       0x32 object/kmath.o
 .ARM.attributes
                0x00000032       0x32 object/flash.o
 .ARM.attributes
                0x00000064       0x32 object/kfloat.o
 .ARM.attributes
                0x00000096       0x32 object/cm4.o
 .ARM.attributes
                0x000000c8       0x32 object/mcu_info.o
 .ARM.attributes
                0x000000fa       0x32 object/kstring.o
 .ARM.attributes
                0x0000012c       0x32 object/kmain.o
 .ARM.attributes
                0x0000015e       0x32 object/stm32_startup.o
 .ARM.attributes
                0x00000190       0x32 object/sys_clock.o
 .ARM.attributes
                0x000001c2       0x32 object/sys_usart.o
 .ARM.attributes
                0x000001f4       0x32 object/sys_gpio.o
 .ARM.attributes
                0x00000226       0x32 object/kstdio.o
 .ARM.attributes
                0x00000258       0x32 object/sys_init.o
 .ARM.attributes
                0x0000028a       0x32 object/unistd.o
 .ARM.attributes
                0x000002bc       0x32 object/times.o
 .ARM.attributes
                0x000002ee       0x32 object/serial_lin.o
 .ARM.attributes
                0x00000320       0x32 object/UsartRingBuffer.o
 .ARM.attributes
                0x00000352       0x32 object/debug.o
 .ARM.attributes
                0x00000384       0x32 object/timer.o
 .ARM.attributes
                0x000003b6       0x32 object/sys_err.o
 .ARM.attributes
                0x000003e8       0x32 object/sys_rtc.o
