
There are no discarded input sections

Memory Configuration

Name             Origin             Length             Attributes
FLASH            0x08000000         0x00010000         xr
SRAM             0x20000000         0x00020000         xrw
*default*        0x00000000         0xffffffff

Linker script and memory map

LOAD object/kmath.o
LOAD object/flash.o
LOAD object/kfloat.o
LOAD object/cm4.o
LOAD object/mcu_info.o
LOAD object/kstring.o
LOAD object/kmain.o
LOAD object/stm32_startup.o
LOAD object/sys_clock.o
LOAD object/sys_usart.o
LOAD object/sys_gpio.o
LOAD object/kstdio.o
LOAD object/sys_init.o
LOAD object/unistd.o
LOAD object/times.o
LOAD object/serial_lin.o
LOAD object/UsartRingBuffer.o
LOAD object/debug.o
LOAD object/timer.o
LOAD object/sys_err.o
LOAD object/sys_rtc.o

.text           0x08000000     0x548c
                0x08000000                        _stext = .
 *(.isr_vector)
 .isr_vector    0x08000000      0x1c4 object/stm32_startup.o
                0x08000000                NVIC_VECTOR
 *(.text)
 .text          0x080001c4       0x4e object/kmath.o
                0x080001c4                __pow
 *fill*         0x08000212        0x2 
 .text          0x08000214      0x2a4 object/flash.o
                0x08000248                flash_read_byte
                0x08000262                flash_read_register
                0x0800027a                flash_unlock
                0x080002c8                flash_lock
                0x0800031c                flash_wait_for_last_operation
                0x08000340                flash_program_byte
                0x08000384                flash_program_4_bytes
                0x080003ec                flash_program
                0x08000438                flash_erase_sector
 .text          0x080004b8      0xed4 object/kfloat.o
                0x080004b8                __aeabi_f2d
                0x0800057e                __aeabi_d2f
                0x08000606                __aeabi_d2iz
                0x08000696                __aeabi_d2i
                0x08000726                get_decimal_part
                0x08000810                __aeabi_ui2d
                0x08000890                __aeabi_d2uiz
                0x08000906                __aeabi_dsub
                0x08000bc6                __aeabi_dmul
                0x08000d78                __aeabi_dadd
                0x08001026                __aeabi_d2ulz
                0x080010a4                __aeabi_ddiv
                0x0800134c                __aeabi_dcmpeq
 .text          0x0800138c      0x348 object/cm4.o
                0x080013f8                __SysTick_init
                0x0800147c                SysTickIntDisable
                0x0800149c                SysTickIntEnable
                0x080014bc                __SysTick_enable
                0x080014e8                __sysTick_disable
                0x08001514                __getSysTickCount
                0x0800152c                __updateSysTick
                0x08001584                __getTime
                0x080015b8                __get__Second
                0x080015d0                __get__Minute
                0x080015e8                __get__Hour
                0x08001600                SysTick_Handler
                0x08001634                __enable_fpu
                0x08001658                ms_delay
                0x08001682                getmsTick
                0x08001690                wait_until
                0x080016c2                SYS_SLEEP_WFI
 .text          0x080016d4      0x1a8 object/mcu_info.o
                0x080016d4                show_system_info
                0x08001780                store_product_id
                0x08001868                get_product_id
 .text          0x0800187c      0x914 object/kstring.o
                0x0800187c                __str_to_num
                0x0800195e                __reverse_str
                0x080019bc                __strlen
                0x080019ea                convert
                0x08001a68                convertu32
                0x08001ac0                float2str
                0x08001b8c                str2float
                0x08001c8e                kmemset
                0x08001cda                StrCat
                0x08001d24                strcopy
                0x08001d5e                clear_str
                0x08001d9c                strncopy
                0x08001dee                strn4mcopy
                0x08001e3c                byte_to_hex
                0x08001eb0                show_byte_hex_str
                0x08001ef0                show_byte_stream_hex
                0x08001f30                strcomp
                0x08001f80                strncopy_cmd
                0x08001fce                uint16_to_str
                0x08002120                strCat_n_to_m
 .text          0x08002190      0x5ec object/kmain.o
                0x080022c0                new_version_available
                0x0800236c                sleep
                0x080023a0                ceiling_divide
                0x080025d8                kmain
 .text          0x0800277c       0xe8 object/stm32_startup.o
                0x0800277c                Reset_Handler
                0x08002834                FLASH_Handler
                0x08002834                SPI4_Handler
                0x08002834                DMA2_Stream7_Handler
                0x08002834                OTG_HS_Handler
                0x08002834                OTG_FS_WKUP_Handler
                0x08002834                DMA2_Stream3_Handler
                0x08002834                USART3_Handler
                0x08002834                PendSV_Handler
                0x08002834                NMI_Handler
                0x08002834                SAI1_Handler
                0x08002834                TIM6_DAC_Handler
                0x08002834                CAN1_RX1_Handler
                0x08002834                EXTI15_10_Handler
                0x08002834                ADC_Handler
                0x08002834                I2C1_EV_Handler
                0x08002834                TAMP_STAMP_Handler
                0x08002834                I2C3_ER_Handler
                0x08002834                WWDG_Handler
                0x08002834                EXTI4_Handler
                0x08002834                I2C3_EV_Handler
                0x08002834                DMA1_Stream1_Handler
                0x08002834                DMA2_Stream4_Handler
                0x08002834                DMA1_Stream7_Handler
                0x08002834                OTG_FS_Handler
                0x08002834                TIM1_BRK_TIM9_Handler
                0x08002834                I2C1_ER_Handler
                0x08002834                DMA1_Stream3_Handler
                0x08002834                UsageFault_Handler
                0x08002834                TIM1_UP_TIM10_Handler
                0x08002834                CAN1_RX0_Handler
                0x08002834                TIM1_CC_Handler
                0x08002834                I2C2_ER_Handler
                0x08002834                TIM8_CC_Handler
                0x08002834                HDMI_CEC_Handler
                0x08002834                SAI2_Handler
                0x08002834                CAN1_SCE_Handler
                0x08002834                DMA1_Stream0_Handler
                0x08002834                OTG_HS_EP1_OUT_Handler
                0x08002834                EXTI1_Handler
                0x08002834                RTC_WKUP_Handler
                0x08002834                FMC_Handler
                0x08002834                EXTI3_Handler
                0x08002834                EXTI2_Handler
                0x08002834                UART4_Handler
                0x08002834                CAN2_RX1_Handler
                0x08002834                EXTI9_5_Handler
                0x08002834                USART1_Handler
                0x08002834                CAN2_SCE_Handler
                0x08002834                TIM3_Handler
                0x08002834                DMA2_Stream6_Handler
                0x08002834                Default_Handler
                0x08002834                DCMI_Handler
                0x08002834                TIM1_TRG_COM_TIM11_Handler
                0x08002834                RTC_Alarm_Handler
                0x08002834                TIM4_Handler
                0x08002834                TIM8_UP_TIM13_Handler
                0x08002834                CAN2_TX_Handler
                0x08002834                SPI2_Handler
                0x08002834                DMA2_Stream1_Handler
                0x08002834                DMA1_Stream2_Handler
                0x08002834                OTG_HS_WKUP_Handler
                0x08002834                EXTI0_Handler
                0x08002834                TIM8_BRK_TIM12_Handler
                0x08002834                CAN2_RX0_Handler
                0x08002834                DMA2_Stream5_Handler
                0x08002834                DMA1_Stream6_Handler
                0x08002834                SDIO_Handler
                0x08002834                FMPI2C1_ERR_Handler
                0x08002834                SPI1_Handler
                0x08002834                I2C2_EV_Handler
                0x08002834                SPDIF_Rx_Handler
                0x08002834                DMA2_Stream2_Handler
                0x08002834                SPI3_Handler
                0x08002834                DMA2_Stream0_Handler
                0x08002834                RCC_Handler
                0x08002834                PVD_Handler
                0x08002834                UART5_Handler
                0x08002834                DMA1_Stream5_Handler
                0x08002834                TIM5_Handler
                0x08002834                QuadSPI_Handler
                0x08002834                TIM7_Handler
                0x08002834                TIM8_TRG_COM_TIM14_Handler
                0x08002834                CAN1_TX_Handler
                0x08002834                FPU_Handler
                0x08002834                FMPI2C1_Handler
                0x08002834                DebugMonitor_Handler
                0x08002834                DMA1_Stream4_Handler
                0x08002834                OTG_HS_EP1_IN_Handler
                0x0800283c                HardFault_Handler
                0x08002844                MemManage_Handler
                0x0800284c                BusFault_Handler
                0x08002854                SVCall_Handler
 .text          0x08002864      0x308 object/sys_clock.o
                0x08002864                __init_sys_clock
                0x08002930                __APB1CLK_FREQ
                0x080029ac                __APB2CLK_FREQ
                0x08002a28                __PLL_SYS_CLK
                0x08002ac0                __AHB_CLK
 .text          0x08002b6c      0x584 object/sys_usart.o
                0x08002c1c                UART_Init
                0x08002cb6                UART_DeInit
                0x08002d24                UART_BRR_SAMPLING16
                0x08002eb8                UART_MspInit
 .text          0x080030f0      0x5bc object/sys_gpio.o
                0x080030f0                GPIO_WritePin
                0x08003122                GPIO_Init
                0x08003428                GPIO_DeInit
                0x08003610                SPI_GPIOInit
 .text          0x080036ac      0x3d4 object/kstdio.o
                0x080036ac                kprintf
                0x08003840                putstr
                0x0800388c                kscanf
                0x08003a3c                read_str
 .text          0x08003a80      0x140 object/sys_init.o
                0x08003ac8                __sys_init
                0x08003b84                SYS_ROUTINE
                0x08003b90                display_group_info
 .text          0x08003bc0        0x0 object/unistd.o
 .text          0x08003bc0        0x0 object/times.o
 .text          0x08003bc0      0x1b8 object/serial_lin.o
                0x08003bc0                SerialLin2_init
                0x08003c58                SerialLin6_init
                0x08003cf0                USART2_Handler
                0x08003d04                USART6_Handler
                0x08003d18                noIntWrite
                0x08003d48                noIntSendString
 .text          0x08003d78      0xc34 object/UsartRingBuffer.o
                0x08003d78                Ringbuf_init
                0x08003e12                Look_for
                0x08003eb2                GetDataFromBuffer
                0x08003ff2                Uart_flush
                0x0800402e                Uart_peek
                0x080040a8                UART_READ
                0x08004148                Uart_read
                0x080041a2                Uart_readstring
                0x08004202                Uart_write
                0x080042b8                IsDataAvailable
                0x0800433c                Get_after
                0x0800439a                Uart_sendstring
                0x080043c8                Uart_printbase
                0x08004460                Copy_upto
                0x08004560                Wait_for
                0x0800464c                look_for_frame
                0x080047b2                Uart_isr
                0x080048c0                update_tail
                0x08004926                debug_buffer
 .text          0x080049ac      0x110 object/debug.o
                0x080049ac                __debugRamUsage
                0x080049f8                __digitalWriteDebugButton
                0x08004a54                __digitalReadDebugButton
                0x08004a84                __alalogReadDebug
                0x08004a9c                __analogWriteDebug
 .text          0x08004abc      0x228 object/timer.o
                0x08004af8                ConfigTimer2ForSystem
                0x08004b74                Delay_micro_second
                0x08004c08                Delay
                0x08004c36                getMiliseconds
                0x08004c78                getMicroseconds
                0x08004ca8                TIM2_Handler
 .text          0x08004ce4       0x14 object/sys_err.o
                0x08004ce4                Error_Handler
 .text          0x08004cf8      0x364 object/sys_rtc.o
                0x08004cf8                SYS_RTC_init
                0x08004fa0                get_timeofDay
 *(.rodata)
 .rodata        0x0800505c       0x98 object/flash.o
 .rodata        0x080050f4       0x64 object/mcu_info.o
 .rodata        0x08005158        0x6 object/kstring.o
 *fill*         0x0800515e        0x2 
 .rodata        0x08005160      0x17d object/kmain.o
 *fill*         0x080052dd        0x3 
 .rodata        0x080052e0        0x4 object/stm32_startup.o
                0x080052e0                STACK_START
 .rodata        0x080052e4       0x18 object/sys_clock.o
                0x080052e4                AHBPrescTable
                0x080052f4                APBPrescTable
 .rodata        0x080052fc        0x3 object/kstdio.o
 *fill*         0x080052ff        0x1 
 .rodata        0x08005300      0x18a object/sys_init.o
                0x0800548c                        . = ALIGN (0x4)
 *fill*         0x0800548a        0x2 
                0x0800548c                        _etext = .
                0x0800548c                        _la_data = LOADADDR (.data)

.glue_7         0x0800548c        0x0
 .glue_7        0x0800548c        0x0 linker stubs

.glue_7t        0x0800548c        0x0
 .glue_7t       0x0800548c        0x0 linker stubs

.vfp11_veneer   0x0800548c        0x0
 .vfp11_veneer  0x0800548c        0x0 linker stubs

.v4_bx          0x0800548c        0x0
 .v4_bx         0x0800548c        0x0 linker stubs

.iplt           0x0800548c        0x0
 .iplt          0x0800548c        0x0 object/flash.o

.rel.dyn        0x0800548c        0x0
 .rel.iplt      0x0800548c        0x0 object/flash.o

.data           0x20000000       0x6c load address 0x0800548c
                0x20000000                        _sdata = .
 *(.data)
 .data          0x20000000        0x0 object/kmath.o
 .data          0x20000000        0x0 object/flash.o
 .data          0x20000000        0x0 object/kfloat.o
 .data          0x20000000        0x0 object/cm4.o
 .data          0x20000000        0x0 object/mcu_info.o
 .data          0x20000000       0x61 object/kstring.o
 .data          0x20000061        0x0 object/kmain.o
 .data          0x20000061        0x0 object/stm32_startup.o
 .data          0x20000061        0x0 object/sys_clock.o
 .data          0x20000061        0x0 object/sys_usart.o
 .data          0x20000061        0x0 object/sys_gpio.o
 .data          0x20000061        0x0 object/kstdio.o
 .data          0x20000061        0x0 object/sys_init.o
 .data          0x20000061        0x0 object/unistd.o
 .data          0x20000061        0x0 object/times.o
 *fill*         0x20000061        0x3 
 .data          0x20000064        0x8 object/serial_lin.o
                0x20000064                errObj
 .data          0x2000006c        0x0 object/UsartRingBuffer.o
 .data          0x2000006c        0x0 object/debug.o
 .data          0x2000006c        0x0 object/timer.o
 .data          0x2000006c        0x0 object/sys_err.o
 .data          0x2000006c        0x0 object/sys_rtc.o
                0x2000006c                        . = ALIGN (0x4)
                0x2000006c                        _edata = .

.igot.plt       0x2000006c        0x0 load address 0x080054f8
 .igot.plt      0x2000006c        0x0 object/flash.o

.bss            0x2000006c      0x905 load address 0x080054f8
                0x2000006c                        _sbss = .
 *(.bss)
 .bss           0x2000006c        0x0 object/kmath.o
 .bss           0x2000006c        0x0 object/flash.o
 .bss           0x2000006c        0x0 object/kfloat.o
 .bss           0x2000006c       0x10 object/cm4.o
 .bss           0x2000007c       0x14 object/mcu_info.o
 .bss           0x20000090       0x32 object/kstring.o
 .bss           0x200000c2        0x0 object/kmain.o
 *fill*         0x200000c2        0x2 
 .bss           0x200000c4        0xc object/stm32_startup.o
                0x200000c4                _bss_size
                0x200000c8                _data_size
                0x200000cc                _text_size
 .bss           0x200000d0        0x0 object/sys_clock.o
 .bss           0x200000d0        0x0 object/sys_usart.o
 .bss           0x200000d0        0x0 object/sys_gpio.o
 .bss           0x200000d0        0x0 object/kstdio.o
 .bss           0x200000d0        0x0 object/sys_init.o
 .bss           0x200000d0        0x0 object/unistd.o
 .bss           0x200000d0        0x0 object/times.o
 .bss           0x200000d0      0x890 object/serial_lin.o
                0x200000d0                huart2
                0x20000518                huart6
 .bss           0x20000960        0x0 object/UsartRingBuffer.o
 .bss           0x20000960        0xc object/debug.o
                0x20000964                CURRENT_MSP
                0x20000968                DEBUG_BUTTON
                0x2000096a                DEBUG_ANALOG_IO
 .bss           0x2000096c        0x5 object/timer.o
 .bss           0x20000971        0x0 object/sys_err.o
 .bss           0x20000971        0x0 object/sys_rtc.o
                0x20000971                        _ebss = .
OUTPUT(build/final.elf elf32-littlearm)
LOAD linker stubs

.comment        0x00000000       0x45
 .comment       0x00000000       0x45 object/kmath.o
                                 0x46 (size before relaxing)
 .comment       0x00000045       0x46 object/flash.o
 .comment       0x00000045       0x46 object/kfloat.o
 .comment       0x00000045       0x46 object/cm4.o
 .comment       0x00000045       0x46 object/mcu_info.o
 .comment       0x00000045       0x46 object/kstring.o
 .comment       0x00000045       0x46 object/kmain.o
 .comment       0x00000045       0x46 object/stm32_startup.o
 .comment       0x00000045       0x46 object/sys_clock.o
 .comment       0x00000045       0x46 object/sys_usart.o
 .comment       0x00000045       0x46 object/sys_gpio.o
 .comment       0x00000045       0x46 object/kstdio.o
 .comment       0x00000045       0x46 object/sys_init.o
 .comment       0x00000045       0x46 object/unistd.o
 .comment       0x00000045       0x46 object/times.o
 .comment       0x00000045       0x46 object/serial_lin.o
 .comment       0x00000045       0x46 object/UsartRingBuffer.o
 .comment       0x00000045       0x46 object/debug.o
 .comment       0x00000045       0x46 object/timer.o
 .comment       0x00000045       0x46 object/sys_err.o
 .comment       0x00000045       0x46 object/sys_rtc.o

.ARM.attributes
                0x00000000       0x32
 .ARM.attributes
                0x00000000       0x32 object/kmath.o
 .ARM.attributes
                0x00000032       0x32 object/flash.o
 .ARM.attributes
                0x00000064       0x32 object/kfloat.o
 .ARM.attributes
                0x00000096       0x32 object/cm4.o
 .ARM.attributes
                0x000000c8       0x32 object/mcu_info.o
 .ARM.attributes
                0x000000fa       0x32 object/kstring.o
 .ARM.attributes
                0x0000012c       0x32 object/kmain.o
 .ARM.attributes
                0x0000015e       0x32 object/stm32_startup.o
 .ARM.attributes
                0x00000190       0x32 object/sys_clock.o
 .ARM.attributes
                0x000001c2       0x32 object/sys_usart.o
 .ARM.attributes
                0x000001f4       0x32 object/sys_gpio.o
 .ARM.attributes
                0x00000226       0x32 object/kstdio.o
 .ARM.attributes
                0x00000258       0x32 object/sys_init.o
 .ARM.attributes
                0x0000028a       0x32 object/unistd.o
 .ARM.attributes
                0x000002bc       0x32 object/times.o
 .ARM.attributes
                0x000002ee       0x32 object/serial_lin.o
 .ARM.attributes
                0x00000320       0x32 object/UsartRingBuffer.o
 .ARM.attributes
                0x00000352       0x32 object/debug.o
 .ARM.attributes
                0x00000384       0x32 object/timer.o
 .ARM.attributes
                0x000003b6       0x32 object/sys_err.o
 .ARM.attributes
                0x000003e8       0x32 object/sys_rtc.o
