
There are no discarded input sections

Memory Configuration

Name             Origin             Length             Attributes
FLASH            0x08000000         0x0007e000         xr
SRAM             0x20000000         0x00020000         xrw
*default*        0x00000000         0xffffffff

Linker script and memory map

LOAD object/kmath.o
LOAD object/kfloat.o
LOAD object/cm4.o
LOAD object/mcu_info.o
LOAD object/kstring.o
LOAD object/kmain.o
LOAD object/stm32_startup.o
LOAD object/sys_clock.o
LOAD object/sys_usart.o
LOAD object/usart.o
LOAD object/sys_gpio.o
LOAD object/kstdio.o
LOAD object/sys_init.o
LOAD object/unistd.o
LOAD object/ustdio.o
LOAD object/times.o
LOAD object/serial_lin.o
LOAD object/UsartRingBuffer.o
LOAD object/debug.o
LOAD object/timer.o
LOAD object/sys_err.o
LOAD object/sys_rtc.o
LOAD object/syscall.o
LOAD object/kunistd.o
LOAD object/dev_table.o
LOAD object/block.o
LOAD object/app.o

.text           0x08000000     0x6378
                0x08000000                        _stext = .
 *(.isr_vector)
 .isr_vector    0x08000000      0x1c4 object/stm32_startup.o
                0x08000000                NVIC_VECTOR
 *(.text)
 .text          0x080001c4       0x4e object/kmath.o
                0x080001c4                __pow
 *fill*         0x08000212        0x2 
 .text          0x08000214      0xed4 object/kfloat.o
                0x08000214                __aeabi_f2d
                0x080002da                __aeabi_d2f
                0x08000362                __aeabi_d2iz
                0x080003f2                __aeabi_d2i
                0x08000482                get_decimal_part
                0x0800056c                __aeabi_ui2d
                0x080005ec                __aeabi_d2uiz
                0x08000662                __aeabi_dsub
                0x08000922                __aeabi_dmul
                0x08000ad4                __aeabi_dadd
                0x08000d82                __aeabi_d2ulz
                0x08000e00                __aeabi_ddiv
                0x080010a8                __aeabi_dcmpeq
 .text          0x080010e8      0x348 object/cm4.o
                0x08001154                __SysTick_init
                0x080011d8                SysTickIntDisable
                0x080011f8                SysTickIntEnable
                0x08001218                __SysTick_enable
                0x08001244                __sysTick_disable
                0x08001270                __getSysTickCount
                0x08001288                __updateSysTick
                0x080012e0                __getTime
                0x08001314                __get__Second
                0x0800132c                __get__Minute
                0x08001344                __get__Hour
                0x0800135c                SysTick_Handler
                0x08001390                __enable_fpu
                0x080013b4                ms_delay
                0x080013de                getmsTick
                0x080013ec                wait_until
                0x0800141e                SYS_SLEEP_WFI
 .text          0x08001430      0x1a8 object/mcu_info.o
                0x08001430                show_system_info
                0x080014dc                store_product_id
                0x080015c4                get_product_id
 .text          0x080015d8      0x95c object/kstring.o
                0x080015d8                __str_to_num
                0x080016ba                __reverse_str
                0x08001718                __strlen
                0x08001746                convert
                0x080017c4                convertu32
                0x0800181c                float2str
                0x080018e8                str2float
                0x080019ea                kmemset
                0x08001a36                StrCat
                0x08001a80                strcopy
                0x08001aba                clear_str
                0x08001af8                strcpy
                0x08001b40                strncopy
                0x08001b92                strn4mcopy
                0x08001be0                byte_to_hex
                0x08001c54                show_byte_hex_str
                0x08001c94                show_byte_stream_hex
                0x08001cd4                strcomp
                0x08001d24                strncopy_cmd
                0x08001d72                uint16_to_str
                0x08001ec4                strCat_n_to_m
 .text          0x08001f34      0x21c object/kmain.o
                0x08001f64                SVC_Handler_Main
                0x08001f7a                print_device_list
                0x08002028                __move_to_user
                0x08002042                PSP_Init
                0x08002080                SVC_Tester
                0x08002104                kmain
 .text          0x08002150      0x110 object/stm32_startup.o
                0x08002150                Reset_Handler
                0x08002214                FLASH_Handler
                0x08002214                SPI4_Handler
                0x08002214                DMA2_Stream7_Handler
                0x08002214                OTG_HS_Handler
                0x08002214                OTG_FS_WKUP_Handler
                0x08002214                DMA2_Stream3_Handler
                0x08002214                USART3_Handler
                0x08002214                PendSV_Handler
                0x08002214                NMI_Handler
                0x08002214                SAI1_Handler
                0x08002214                TIM6_DAC_Handler
                0x08002214                CAN1_RX1_Handler
                0x08002214                EXTI15_10_Handler
                0x08002214                ADC_Handler
                0x08002214                I2C1_EV_Handler
                0x08002214                TAMP_STAMP_Handler
                0x08002214                I2C3_ER_Handler
                0x08002214                WWDG_Handler
                0x08002214                EXTI4_Handler
                0x08002214                I2C3_EV_Handler
                0x08002214                DMA1_Stream1_Handler
                0x08002214                DMA2_Stream4_Handler
                0x08002214                DMA1_Stream7_Handler
                0x08002214                OTG_FS_Handler
                0x08002214                TIM1_BRK_TIM9_Handler
                0x08002214                I2C1_ER_Handler
                0x08002214                DMA1_Stream3_Handler
                0x08002214                UsageFault_Handler
                0x08002214                TIM1_UP_TIM10_Handler
                0x08002214                CAN1_RX0_Handler
                0x08002214                TIM1_CC_Handler
                0x08002214                I2C2_ER_Handler
                0x08002214                TIM8_CC_Handler
                0x08002214                HDMI_CEC_Handler
                0x08002214                SAI2_Handler
                0x08002214                CAN1_SCE_Handler
                0x08002214                DMA1_Stream0_Handler
                0x08002214                OTG_HS_EP1_OUT_Handler
                0x08002214                EXTI1_Handler
                0x08002214                RTC_WKUP_Handler
                0x08002214                FMC_Handler
                0x08002214                EXTI3_Handler
                0x08002214                EXTI2_Handler
                0x08002214                UART4_Handler
                0x08002214                CAN2_RX1_Handler
                0x08002214                EXTI9_5_Handler
                0x08002214                USART1_Handler
                0x08002214                CAN2_SCE_Handler
                0x08002214                TIM3_Handler
                0x08002214                DMA2_Stream6_Handler
                0x08002214                Default_Handler
                0x08002214                DCMI_Handler
                0x08002214                TIM1_TRG_COM_TIM11_Handler
                0x08002214                RTC_Alarm_Handler
                0x08002214                TIM4_Handler
                0x08002214                TIM8_UP_TIM13_Handler
                0x08002214                CAN2_TX_Handler
                0x08002214                SPI2_Handler
                0x08002214                DMA2_Stream1_Handler
                0x08002214                DMA1_Stream2_Handler
                0x08002214                OTG_HS_WKUP_Handler
                0x08002214                EXTI0_Handler
                0x08002214                TIM8_BRK_TIM12_Handler
                0x08002214                CAN2_RX0_Handler
                0x08002214                DMA2_Stream5_Handler
                0x08002214                DMA1_Stream6_Handler
                0x08002214                SDIO_Handler
                0x08002214                FMPI2C1_ERR_Handler
                0x08002214                SPI1_Handler
                0x08002214                I2C2_EV_Handler
                0x08002214                SPDIF_Rx_Handler
                0x08002214                DMA2_Stream2_Handler
                0x08002214                SPI3_Handler
                0x08002214                DMA2_Stream0_Handler
                0x08002214                RCC_Handler
                0x08002214                PVD_Handler
                0x08002214                UART5_Handler
                0x08002214                DMA1_Stream5_Handler
                0x08002214                TIM5_Handler
                0x08002214                QuadSPI_Handler
                0x08002214                TIM7_Handler
                0x08002214                TIM8_TRG_COM_TIM14_Handler
                0x08002214                CAN1_TX_Handler
                0x08002214                FPU_Handler
                0x08002214                FMPI2C1_Handler
                0x08002214                DebugMonitor_Handler
                0x08002214                DMA1_Stream4_Handler
                0x08002214                OTG_HS_EP1_IN_Handler
                0x0800221c                HardFault_Handler
                0x08002230                MemManage_Handler
                0x08002238                BusFault_Handler
                0x08002240                SVCall_Handler
 .text          0x08002260      0x308 object/sys_clock.o
                0x08002260                __init_sys_clock
                0x0800232c                __APB1CLK_FREQ
                0x080023a8                __APB2CLK_FREQ
                0x08002424                __PLL_SYS_CLK
                0x080024bc                __AHB_CLK
 .text          0x08002568      0x584 object/sys_usart.o
                0x08002618                UART_Init
                0x080026b2                UART_DeInit
                0x08002720                UART_BRR_SAMPLING16
                0x080028b4                UART_MspInit
 .text          0x08002aec      0x20c object/usart.o
                0x08002aec                DRV_USART_INIT
                0x08002ba8                UART_SendChar
                0x08002bd6                _USART_WRITE
                0x08002c04                _USART_READ
                0x08002c56                UART_GetChar
                0x08002c80                _USART_READ_STR
 .text          0x08002cf8      0x5bc object/sys_gpio.o
                0x08002cf8                GPIO_WritePin
                0x08002d2a                GPIO_Init
                0x08003030                GPIO_DeInit
                0x08003218                SPI_GPIOInit
 .text          0x080032b4      0x354 object/kstdio.o
                0x080032b4                kprintf
                0x08003448                putstr
                0x08003494                kscanf
 .text          0x08003608      0x140 object/sys_init.o
                0x08003650                __sys_init
                0x0800370c                SYS_ROUTINE
                0x08003718                display_group_info
 .text          0x08003748      0x18c object/unistd.o
                0x08003748                fopen
                0x08003778                fclose
                0x0800379a                read_user
                0x080037ca                write_user
                0x080037f8                reboot
                0x08003810                getpid
                0x0800383a                task_exit
                0x08003852                yield
                0x08003862                get_time
                0x08003888                malloc
                0x080038b0                free
 .text          0x080038d4      0x384 object/ustdio.o
                0x080038d4                uprintf
 .text          0x08003c58        0x0 object/times.o
 .text          0x08003c58      0x1b8 object/serial_lin.o
                0x08003c58                SerialLin2_init
                0x08003cf0                SerialLin6_init
                0x08003d88                USART2_Handler
                0x08003d9c                USART6_Handler
                0x08003db0                noIntWrite
                0x08003de0                noIntSendString
 .text          0x08003e10      0xb7c object/UsartRingBuffer.o
                0x08003e10                Ringbuf_init
                0x08003eaa                Look_for
                0x08003f4a                GetDataFromBuffer
                0x0800408a                Uart_flush
                0x080040c6                Uart_peek
                0x08004140                Uart_read
                0x080041e0                Uart_write
                0x08004298                IsDataAvailable
                0x0800431c                Get_after
                0x0800437a                Uart_sendstring
                0x080043a8                Uart_printbase
                0x08004440                Copy_upto
                0x08004540                Wait_for
                0x0800462c                look_for_frame
                0x08004792                Uart_isr
                0x080048a0                update_tail
                0x08004906                debug_buffer
 .text          0x0800498c      0x110 object/debug.o
                0x0800498c                __debugRamUsage
                0x080049d8                __digitalWriteDebugButton
                0x08004a34                __digitalReadDebugButton
                0x08004a64                __alalogReadDebug
                0x08004a7c                __analogWriteDebug
 .text          0x08004a9c      0x228 object/timer.o
                0x08004ad8                ConfigTimer2ForSystem
                0x08004b54                Delay_micro_second
                0x08004be8                Delay
                0x08004c16                getMiliseconds
                0x08004c58                getMicroseconds
                0x08004c88                TIM2_Handler
 .text          0x08004cc4       0x14 object/sys_err.o
                0x08004cc4                Error_Handler
 .text          0x08004cd8      0x364 object/sys_rtc.o
                0x08004cd8                SYS_RTC_init
                0x08004f80                get_timeofDay
 .text          0x0800503c      0x208 object/syscall.o
                0x0800503c                syscall
 .text          0x08005244      0x3c4 object/kunistd.o
                0x08005244                __sys_open
                0x080052cc                __sys_close
                0x080053ac                __sys_read
                0x08005444                __sys_write
                0x0800546c                __sys_reboot
                0x08005488                __sys_getpid
                0x080054a6                __sys_kill
                0x080054c0                __sys_yield
                0x080054e0                __sys_get_time
                0x08005516                __sys_malloc
                0x080055dc                __sys_free
 .text          0x08005608      0x190 object/dev_table.o
                0x08005608                __init_dev_table
 .text          0x08005798       0x48 object/block.o
                0x08005798                init_heap
 .text          0x080057e0       0x14 object/app.o
                0x080057e0                umain
 *(.rodata)
 .rodata        0x080057f4       0x64 object/mcu_info.o
 .rodata        0x08005858        0x6 object/kstring.o
 *fill*         0x0800585e        0x2 
 .rodata        0x08005860       0xf8 object/kmain.o
 .rodata        0x08005958       0x57 object/stm32_startup.o
                0x08005958                STACK_START
                0x0800595c                STACK_SIZE
                0x08005960                HEAP_START
                0x08005964                HEAP_SIZE
 *fill*         0x080059af        0x1 
 .rodata        0x080059b0       0x18 object/sys_clock.o
                0x080059b0                AHBPrescTable
                0x080059c0                APBPrescTable
 .rodata        0x080059c8      0x18a object/sys_init.o
 *fill*         0x08005b52        0x2 
 .rodata        0x08005b54      0x80a object/syscall.o
                0x08006144                sys_errlist
                0x08006248                sys_nerr
 *fill*         0x0800635e        0x2 
 .rodata        0x08006360        0xf object/dev_table.o
 *fill*         0x0800636f        0x1 
 .rodata        0x08006370        0x6 object/app.o
                0x08006378                        . = ALIGN (0x4)
 *fill*         0x08006376        0x2 
                0x08006378                        _etext = .
                0x08006378                        _la_data = LOADADDR (.data)

.glue_7         0x08006378        0x0
 .glue_7        0x08006378        0x0 linker stubs

.glue_7t        0x08006378        0x0
 .glue_7t       0x08006378        0x0 linker stubs

.vfp11_veneer   0x08006378        0x0
 .vfp11_veneer  0x08006378        0x0 linker stubs

.v4_bx          0x08006378        0x0
 .v4_bx         0x08006378        0x0 linker stubs

.iplt           0x08006378        0x0
 .iplt          0x08006378        0x0 object/kfloat.o

.rel.dyn        0x08006378        0x0
 .rel.iplt      0x08006378        0x0 object/kfloat.o

.data           0x20000000       0x6c load address 0x08006378
                0x20000000                        _sdata = .
 *(.data)
 .data          0x20000000        0x0 object/kmath.o
 .data          0x20000000        0x0 object/kfloat.o
 .data          0x20000000        0x0 object/cm4.o
 .data          0x20000000        0x0 object/mcu_info.o
 .data          0x20000000       0x61 object/kstring.o
 .data          0x20000061        0x0 object/kmain.o
 .data          0x20000061        0x0 object/stm32_startup.o
 .data          0x20000061        0x0 object/sys_clock.o
 .data          0x20000061        0x0 object/sys_usart.o
 .data          0x20000061        0x0 object/usart.o
 .data          0x20000061        0x0 object/sys_gpio.o
 .data          0x20000061        0x0 object/kstdio.o
 .data          0x20000061        0x0 object/sys_init.o
 .data          0x20000061        0x0 object/unistd.o
 .data          0x20000061        0x0 object/ustdio.o
 .data          0x20000061        0x0 object/times.o
 *fill*         0x20000061        0x3 
 .data          0x20000064        0x8 object/serial_lin.o
                0x20000064                errObj
 .data          0x2000006c        0x0 object/UsartRingBuffer.o
 .data          0x2000006c        0x0 object/debug.o
 .data          0x2000006c        0x0 object/timer.o
 .data          0x2000006c        0x0 object/sys_err.o
 .data          0x2000006c        0x0 object/sys_rtc.o
 .data          0x2000006c        0x0 object/syscall.o
 .data          0x2000006c        0x0 object/kunistd.o
 .data          0x2000006c        0x0 object/dev_table.o
 .data          0x2000006c        0x0 object/block.o
 .data          0x2000006c        0x0 object/app.o
                0x2000006c                        . = ALIGN (0x4)
                0x2000006c                        _edata = .

.igot.plt       0x2000006c        0x0 load address 0x080063e4
 .igot.plt      0x2000006c        0x0 object/kfloat.o

.bss            0x2000006c     0x1414 load address 0x080063e4
                0x2000006c                        _sbss = .
 *(.bss)
 .bss           0x2000006c        0x0 object/kmath.o
 .bss           0x2000006c        0x0 object/kfloat.o
 .bss           0x2000006c       0x10 object/cm4.o
 .bss           0x2000007c       0x14 object/mcu_info.o
 .bss           0x20000090       0x32 object/kstring.o
 .bss           0x200000c2        0x0 object/kmain.o
 *fill*         0x200000c2        0x2 
 .bss           0x200000c4        0xc object/stm32_startup.o
                0x200000c4                _bss_size
                0x200000c8                _data_size
                0x200000cc                _text_size
 .bss           0x200000d0        0x0 object/sys_clock.o
 .bss           0x200000d0        0x0 object/sys_usart.o
 .bss           0x200000d0        0x0 object/usart.o
 .bss           0x200000d0        0x0 object/sys_gpio.o
 .bss           0x200000d0        0x0 object/kstdio.o
 .bss           0x200000d0        0x0 object/sys_init.o
 .bss           0x200000d0        0x0 object/unistd.o
 .bss           0x200000d0        0x0 object/ustdio.o
 .bss           0x200000d0        0x0 object/times.o
 .bss           0x200000d0      0x890 object/serial_lin.o
                0x200000d0                huart2
                0x20000518                huart6
 .bss           0x20000960        0x0 object/UsartRingBuffer.o
 .bss           0x20000960        0xc object/debug.o
                0x20000964                CURRENT_MSP
                0x20000968                DEBUG_BUTTON
                0x2000096a                DEBUG_ANALOG_IO
 .bss           0x2000096c        0x5 object/timer.o
 .bss           0x20000971        0x0 object/sys_err.o
 .bss           0x20000971        0x0 object/sys_rtc.o
 .bss           0x20000971        0x0 object/syscall.o
 .bss           0x20000971        0x0 object/kunistd.o
 *fill*         0x20000971        0x3 
 .bss           0x20000974      0xb04 object/dev_table.o
                0x20000974                device_list
                0x20001474                device_count
 .bss           0x20001478        0x8 object/block.o
                0x20001478                free_list
                0x2000147c                heap_ptr
 .bss           0x20001480        0x0 object/app.o
                0x20001480                        _ebss = .
OUTPUT(build/final.elf elf32-littlearm)
LOAD linker stubs

.comment        0x00000000       0x45
 .comment       0x00000000       0x45 object/kmath.o
                                 0x46 (size before relaxing)
 .comment       0x00000045       0x46 object/kfloat.o
 .comment       0x00000045       0x46 object/cm4.o
 .comment       0x00000045       0x46 object/mcu_info.o
 .comment       0x00000045       0x46 object/kstring.o
 .comment       0x00000045       0x46 object/kmain.o
 .comment       0x00000045       0x46 object/stm32_startup.o
 .comment       0x00000045       0x46 object/sys_clock.o
 .comment       0x00000045       0x46 object/sys_usart.o
 .comment       0x00000045       0x46 object/usart.o
 .comment       0x00000045       0x46 object/sys_gpio.o
 .comment       0x00000045       0x46 object/kstdio.o
 .comment       0x00000045       0x46 object/sys_init.o
 .comment       0x00000045       0x46 object/unistd.o
 .comment       0x00000045       0x46 object/ustdio.o
 .comment       0x00000045       0x46 object/times.o
 .comment       0x00000045       0x46 object/serial_lin.o
 .comment       0x00000045       0x46 object/UsartRingBuffer.o
 .comment       0x00000045       0x46 object/debug.o
 .comment       0x00000045       0x46 object/timer.o
 .comment       0x00000045       0x46 object/sys_err.o
 .comment       0x00000045       0x46 object/sys_rtc.o
 .comment       0x00000045       0x46 object/syscall.o
 .comment       0x00000045       0x46 object/kunistd.o
 .comment       0x00000045       0x46 object/dev_table.o
 .comment       0x00000045       0x46 object/block.o
 .comment       0x00000045       0x46 object/app.o

.ARM.attributes
                0x00000000       0x32
 .ARM.attributes
                0x00000000       0x32 object/kmath.o
 .ARM.attributes
                0x00000032       0x32 object/kfloat.o
 .ARM.attributes
                0x00000064       0x32 object/cm4.o
 .ARM.attributes
                0x00000096       0x32 object/mcu_info.o
 .ARM.attributes
                0x000000c8       0x32 object/kstring.o
 .ARM.attributes
                0x000000fa       0x32 object/kmain.o
 .ARM.attributes
                0x0000012c       0x32 object/stm32_startup.o
 .ARM.attributes
                0x0000015e       0x32 object/sys_clock.o
 .ARM.attributes
                0x00000190       0x32 object/sys_usart.o
 .ARM.attributes
                0x000001c2       0x32 object/usart.o
 .ARM.attributes
                0x000001f4       0x32 object/sys_gpio.o
 .ARM.attributes
                0x00000226       0x32 object/kstdio.o
 .ARM.attributes
                0x00000258       0x32 object/sys_init.o
 .ARM.attributes
                0x0000028a       0x32 object/unistd.o
 .ARM.attributes
                0x000002bc       0x32 object/ustdio.o
 .ARM.attributes
                0x000002ee       0x32 object/times.o
 .ARM.attributes
                0x00000320       0x32 object/serial_lin.o
 .ARM.attributes
                0x00000352       0x32 object/UsartRingBuffer.o
 .ARM.attributes
                0x00000384       0x32 object/debug.o
 .ARM.attributes
                0x000003b6       0x32 object/timer.o
 .ARM.attributes
                0x000003e8       0x32 object/sys_err.o
 .ARM.attributes
                0x0000041a       0x32 object/sys_rtc.o
 .ARM.attributes
                0x0000044c       0x32 object/syscall.o
 .ARM.attributes
                0x0000047e       0x32 object/kunistd.o
 .ARM.attributes
                0x000004b0       0x32 object/dev_table.o
 .ARM.attributes
                0x000004e2       0x32 object/block.o
 .ARM.attributes
                0x00000514       0x32 object/app.o
